// Jest Snapshot v1, https://goo.gl/fbAQLP

exports[`HeaderComponent should render without problems 1`] = `
<header>
  <img
    alt="logo"
    src="logo.svg"
  />
  <h2>
    Weather app
  </h2>
  <ContextConsumer>
    <Component />
  </ContextConsumer>
</header>
`;
